plr 0.1 alr 0.5 seed 0: acc [94.53125, 95.99359130859375, 96.58453369140625, 96.93509674072266, 97.14543151855469, 97.23558044433594, 97.57612609863281, 97.52604675292969, 97.60617065429688, 97.6863021850586, 97.75640869140625, 97.71634674072266, 97.93669891357422, 98.02684783935547, 98.01683044433594] stop None 628.4 s
plr 0.1 alr 0.5 seed 1: acc [94.64142608642578, 95.58293151855469, 96.6446304321289, 96.84495544433594, 96.98517608642578, 97.24559783935547, 97.44591522216797, 97.51602935791016, 97.75640869140625, 97.62620544433594, 97.76642608642578, 97.70632934570312, 97.94671630859375, 97.87660217285156, 97.8165054321289] stop None 744.3 s
plr 0.1 alr 0.5 seed 2: acc [94.68148803710938, 95.8934326171875, 96.36418151855469, 96.97515869140625, 97.00521087646484, 97.05529022216797, 97.34575653076172, 97.57612609863281, 97.39583587646484, 97.71634674072266, 97.57612609863281, 97.53605651855469, 97.71634674072266, 97.96675109863281, 97.92668151855469] stop None 585.7 s
plr 0.1 alr 0.5 seed 3: acc [94.43109130859375, 95.7431869506836, 96.35416412353516, 96.66466522216797, 97.04527282714844, 97.20552825927734, 97.4258804321289, 97.46595001220703, 97.64623260498047, 97.6963119506836, 97.71634674072266, 97.83654022216797, 97.86658477783203, 98.06690979003906, 97.99679565429688] stop None 469.5 s
plr 0.1 alr 0.5 seed 4: acc [94.40103912353516, 95.5428695678711, 96.60456848144531, 97.05529022216797, 97.14543151855469, 97.24559783935547, 97.33573913574219, 97.50601196289062, 97.65625, 97.97676086425781, 97.80648803710938, 97.99679565429688, 97.89663696289062, 97.99679565429688, 98.03685760498047] stop None 472.7 s
plr 0.05 alr 0.5 seed 0: acc [84.52523803710938, 85.546875, 86.6786880493164, 87.31970977783203, 87.61017608642578, 88.17107391357422, 88.4715576171875, 88.29126739501953, 88.56169891357422, 88.61177825927734, 88.8321304321289, 88.91226196289062, 89.0625, 88.96234130859375, 88.92227935791016] stop None 1455.4 s
plr 0.05 alr 0.5 seed 1: acc [84.58533477783203, 86.27804565429688, 86.97916412353516, 87.22956848144531, 87.15945434570312, 87.72035217285156, 88.13101196289062, 88.10095977783203, 88.50160217285156, 88.671875, 88.98237609863281, 88.64183044433594, 88.8321304321289, 88.96234130859375, 89.30288696289062] stop None 1440.5 s
plr 0.05 alr 0.5 seed 2: acc [84.50521087646484, 86.17788696289062, 86.56851196289062, 87.21955108642578, 87.42988586425781, 87.5, 88.21113586425781, 88.43148803710938, 88.45152282714844, 88.68189239501953, 88.65184783935547, 88.87220001220703, 89.01242065429688, 88.96234130859375, 88.96234130859375] stop None 1442.3 s
Files already downloaded and verified
Files already downloaded and verified
plr 0.1 alr 0.01 seed 0: acc [33.23317337036133, 34.77564239501953, 34.725563049316406, 35.546875, 37.9106559753418, 38.25120162963867, 38.04086685180664, 36.98918151855469, 37.77043151855469, 39.112579345703125, 38.68189239501953, 40.89543151855469, 40.34455108642578, 40.59495162963867, 40.464744567871094, 41.746795654296875, 42.22756576538086, 41.105770111083984, 41.8169059753418, 41.83694076538086] stop None 1963.1 s
Files already downloaded and verified
Files already downloaded and verified
plr 0.1 alr 0.01 seed 1: acc [33.4134635925293, 34.79567337036133, 35.637020111083984, 36.64863967895508, 37.14944076538086, 36.79887771606445, 38.50160217285156, 38.27123260498047, 38.96234130859375, 36.63862228393555, 39.8237190246582, 38.41145706176758, 40.184295654296875, 39.933895111083984, 41.115787506103516, 41.02564239501953, 41.65665054321289, 39.8637809753418, 39.8637809753418, 41.636619567871094] stop None 2160.1 s
Files already downloaded and verified
Files already downloaded and verified
plr 0.1 alr 0.01 seed 2: acc [32.92267608642578, 35.256412506103516, 35.256412506103516, 36.63862228393555, 36.68870162963867, 38.341346740722656, 37.51001739501953, 39.85376739501953, 39.56330108642578, 39.72355651855469, 39.403045654296875, 40.394630432128906, 37.92067337036133, 40.94551467895508, 40.61498260498047, 40.865386962890625, 41.28605651855469, 41.466346740722656, 42.06730651855469, 42.22756576538086] stop None 1832.7 s
Starting training with config: /home/levi/oss-engine/papers/mlrc-or-tmlr/code/runs/long/bp/MNIST/mse_loss/width_512/128_n_hidden/relu/depth_mup_param/adam/lr_0.005/batch_size_64/5_epochs/0 with seed: 0

Epoch 1
-------------------------------
Train loss: 0.0071843 [19136/60000]
Avg test accuracy: 95.2424

Train loss: 0.0106001 [38336/60000]
Avg test accuracy: 96.5845

Train loss: 0.0087467 [57536/60000]
Avg test accuracy: 95.9736


Epoch 2
-------------------------------
Train loss: 0.0035857 [16768/60000]
Avg test accuracy: 96.9551

Train loss: 0.0022497 [35968/60000]
Avg test accuracy: 97.1655

Train loss: 0.0046482 [55168/60000]
Avg test accuracy: 96.9551


Epoch 3
-------------------------------
Train loss: 0.0007101 [14400/60000]
Avg test accuracy: 97.3458

Train loss: 0.0045180 [33600/60000]
Avg test accuracy: 97.5160

Train loss: 0.0021965 [52800/60000]
Avg test accuracy: 97.4259


Epoch 4
-------------------------------
Train loss: 0.0005801 [12032/60000]
Avg test accuracy: 97.8866

Train loss: 0.0012017 [31232/60000]
Avg test accuracy: 97.5361

Train loss: 0.0037757 [50432/60000]
Avg test accuracy: 97.6963


Epoch 5
-------------------------------
Train loss: 0.0044052 [9664/60000]
Avg test accuracy: 97.8065

Train loss: 0.0028904 [28864/60000]
Avg test accuracy: 97.6462

Train loss: 0.0026197 [48064/60000]
Avg test accuracy: 97.5160

Starting training with config: /home/levi/oss-engine/papers/mlrc-or-tmlr/code/runs/long/bp/MNIST/mse_loss/width_512/128_n_hidden/relu/depth_mup_param/adam/lr_0.005/batch_size_64/5_epochs/1 with seed: 1

Epoch 1
-------------------------------
Train loss: 0.0115118 [19136/60000]
Avg test accuracy: 94.9519

Train loss: 0.0093976 [38336/60000]
Avg test accuracy: 96.1739

Train loss: 0.0090986 [57536/60000]
Avg test accuracy: 96.8850


Epoch 2
-------------------------------
Train loss: 0.0077206 [16768/60000]
Avg test accuracy: 96.3542

Train loss: 0.0013907 [35968/60000]
Avg test accuracy: 97.2155

Train loss: 0.0022694 [55168/60000]
Avg test accuracy: 97.2356


Epoch 3
-------------------------------
Train loss: 0.0040217 [14400/60000]
Avg test accuracy: 97.2556

Train loss: 0.0066468 [33600/60000]
Avg test accuracy: 97.4459

Train loss: 0.0033705 [52800/60000]
Avg test accuracy: 97.7664


Epoch 4
-------------------------------
Train loss: 0.0009819 [12032/60000]
Avg test accuracy: 97.4660

Train loss: 0.0034770 [31232/60000]
Avg test accuracy: 97.5361

Train loss: 0.0007940 [50432/60000]
Avg test accuracy: 97.8566


Epoch 5
-------------------------------
Train loss: 0.0022609 [9664/60000]
Avg test accuracy: 97.4760

Train loss: 0.0018540 [28864/60000]
Avg test accuracy: 97.6763

Train loss: 0.0022868 [48064/60000]
Avg test accuracy: 97.6062

Starting training with config: /home/levi/oss-engine/papers/mlrc-or-tmlr/code/runs/long/bp/MNIST/mse_loss/width_512/128_n_hidden/relu/depth_mup_param/adam/lr_0.005/batch_size_64/5_epochs/2 with seed: 2

Epoch 1
-------------------------------
Train loss: 0.0086046 [19136/60000]
Avg test accuracy: 94.3610

Train loss: 0.0042037 [38336/60000]
Avg test accuracy: 96.3241

Train loss: 0.0062738 [57536/60000]
Avg test accuracy: 96.8550


Epoch 2
-------------------------------
Train loss: 0.0027611 [16768/60000]
Avg test accuracy: 97.2656

Train loss: 0.0042499 [35968/60000]
Avg test accuracy: 97.1154

Train loss: 0.0055536 [55168/60000]
Avg test accuracy: 97.1254


Epoch 3
-------------------------------
Train loss: 0.0034550 [14400/60000]
Avg test accuracy: 97.1454

Train loss: 0.0032052 [33600/60000]
Avg test accuracy: 96.7849

Train loss: 0.0086627 [52800/60000]
Avg test accuracy: 96.6847


Epoch 4
-------------------------------
Train loss: 0.0022039 [12032/60000]
Avg test accuracy: 97.4459

Train loss: 0.0027274 [31232/60000]
Avg test accuracy: 97.1354

Train loss: 0.0019822 [50432/60000]
Avg test accuracy: 96.8450


Epoch 5
-------------------------------
Train loss: 0.0003936 [9664/60000]
Avg test accuracy: 97.7865

Train loss: 0.0012351 [28864/60000]
Avg test accuracy: 97.4660

Train loss: 0.0026113 [48064/60000]
Avg test accuracy: 97.2456

Starting training with config: /home/levi/oss-engine/papers/mlrc-or-tmlr/code/runs/long/bp/MNIST/mse_loss/width_512/128_n_hidden/relu/depth_mup_param/adam/lr_0.005/batch_size_64/5_epochs/3 with seed: 3

Epoch 1
-------------------------------
Train loss: 0.0107261 [19136/60000]
Avg test accuracy: 95.3626

Train loss: 0.0080643 [38336/60000]
Avg test accuracy: 96.0637

Train loss: 0.0082884 [57536/60000]
Avg test accuracy: 96.2440


Epoch 2
-------------------------------
Train loss: 0.0010896 [16768/60000]
Avg test accuracy: 96.6947

Train loss: 0.0081598 [35968/60000]
Avg test accuracy: 96.8349

Train loss: 0.0031472 [55168/60000]
Avg test accuracy: 97.1154


Epoch 3
-------------------------------
Train loss: 0.0010138 [14400/60000]
Avg test accuracy: 97.1254

Train loss: 0.0024048 [33600/60000]
Avg test accuracy: 96.9551

Train loss: 0.0014305 [52800/60000]
Avg test accuracy: 97.4660


Epoch 4
-------------------------------
Train loss: 0.0066374 [12032/60000]
Avg test accuracy: 97.4059

Train loss: 0.0131789 [31232/60000]
Avg test accuracy: 97.7163

Train loss: 0.0025483 [50432/60000]
Avg test accuracy: 97.7564


Epoch 5
-------------------------------
Train loss: 0.0003591 [9664/60000]
Avg test accuracy: 97.8165

Train loss: 0.0005780 [28864/60000]
Avg test accuracy: 97.7464

Train loss: 0.0002634 [48064/60000]
Avg test accuracy: 97.3558

Starting training with config: /home/levi/oss-engine/papers/mlrc-or-tmlr/code/runs/long/bp/MNIST/mse_loss/width_512/128_n_hidden/relu/depth_mup_param/adam/lr_0.005/batch_size_64/5_epochs/4 with seed: 4

Epoch 1
-------------------------------
Train loss: 0.0101488 [19136/60000]
Avg test accuracy: 95.0921

Train loss: 0.0036138 [38336/60000]
Avg test accuracy: 95.3526

Train loss: 0.0057831 [57536/60000]
Avg test accuracy: 96.2139


Epoch 2
-------------------------------
Train loss: 0.0032142 [16768/60000]
Avg test accuracy: 97.0052

Train loss: 0.0039287 [35968/60000]
Avg test accuracy: 96.8049

Train loss: 0.0040021 [55168/60000]
Avg test accuracy: 97.2155


Epoch 3
-------------------------------
Train loss: 0.0009226 [14400/60000]
Avg test accuracy: 97.4259

Train loss: 0.0049442 [33600/60000]
Avg test accuracy: 97.6763

Train loss: 0.0033662 [52800/60000]
Avg test accuracy: 97.5861


Epoch 4
-------------------------------
Train loss: 0.0015702 [12032/60000]
Avg test accuracy: 97.3858

Train loss: 0.0023462 [31232/60000]
Avg test accuracy: 97.2857

Train loss: 0.0046354 [50432/60000]
Avg test accuracy: 97.3157


Epoch 5
-------------------------------
Train loss: 0.0035004 [9664/60000]
Avg test accuracy: 97.7965

Train loss: 0.0003725 [28864/60000]
Avg test accuracy: 98.0068

Train loss: 0.0004292 [48064/60000]
Avg test accuracy: 97.9167

Starting training with config: /home/levi/oss-engine/papers/mlrc-or-tmlr/code/runs/long/bp/Fashion-MNIST/mse_loss/width_512/128_n_hidden/relu/depth_mup_param/adam/lr_0.005/batch_size_64/15_epochs/0 with seed: 0

Epoch 1
-------------------------------
Train loss: 0.0181593 [57536/60000]
Avg test accuracy: 84.2448


Epoch 2
-------------------------------
Train loss: 0.0207793 [55168/60000]
Avg test accuracy: 86.0176


Epoch 3
-------------------------------
Train loss: 0.0193133 [52800/60000]
Avg test accuracy: 87.5601


Epoch 4
-------------------------------
Train loss: 0.0098322 [50432/60000]
Avg test accuracy: 87.8405


Epoch 5
-------------------------------
Train loss: 0.0136593 [48064/60000]
Avg test accuracy: 87.6903


Epoch 6
-------------------------------
Train loss: 0.0142463 [45696/60000]
Avg test accuracy: 88.4115


Epoch 7
-------------------------------
Train loss: 0.0077949 [43328/60000]
Avg test accuracy: 87.9908


Epoch 8
-------------------------------
Train loss: 0.0147557 [40960/60000]
Avg test accuracy: 88.5717


Epoch 9
-------------------------------
Train loss: 0.0115644 [38592/60000]
Avg test accuracy: 88.5617


Epoch 10
-------------------------------
Train loss: 0.0034974 [36224/60000]
Avg test accuracy: 88.4115


Epoch 11
-------------------------------
Train loss: 0.0113735 [33856/60000]
Avg test accuracy: 89.1927


Epoch 12
-------------------------------
Train loss: 0.0091715 [31488/60000]
Avg test accuracy: 89.0926


Epoch 13
-------------------------------
Train loss: 0.0067384 [29120/60000]
Avg test accuracy: 89.4631


Epoch 14
-------------------------------
Train loss: 0.0105153 [26752/60000]
Avg test accuracy: 89.0825


Epoch 15
-------------------------------
Train loss: 0.0113137 [24384/60000]
Avg test accuracy: 89.0725

Starting training with config: /home/levi/oss-engine/papers/mlrc-or-tmlr/code/runs/long/bp/Fashion-MNIST/mse_loss/width_512/128_n_hidden/relu/depth_mup_param/adam/lr_0.005/batch_size_64/15_epochs/1 with seed: 1

Epoch 1
-------------------------------
Train loss: 0.0215404 [57536/60000]
Avg test accuracy: 85.4668


Epoch 2
-------------------------------
Train loss: 0.0213708 [55168/60000]
Avg test accuracy: 86.5986


Epoch 3
-------------------------------
Train loss: 0.0078157 [52800/60000]
Avg test accuracy: 87.2796


Epoch 4
-------------------------------
Train loss: 0.0200533 [50432/60000]
Avg test accuracy: 86.7488


Epoch 5
-------------------------------
Train loss: 0.0134817 [48064/60000]
Avg test accuracy: 87.9908


Epoch 6
-------------------------------
Train loss: 0.0096919 [45696/60000]
Avg test accuracy: 88.4315


Epoch 7
-------------------------------
Train loss: 0.0057054 [43328/60000]
Avg test accuracy: 88.1410


Epoch 8
-------------------------------
Train loss: 0.0079078 [40960/60000]
Avg test accuracy: 88.7620


Epoch 9
-------------------------------
Train loss: 0.0131058 [38592/60000]
Avg test accuracy: 88.7821


Epoch 10
-------------------------------
Train loss: 0.0153660 [36224/60000]
Avg test accuracy: 88.8421


Epoch 11
-------------------------------
Train loss: 0.0132386 [33856/60000]
Avg test accuracy: 88.7420


Epoch 12
-------------------------------
Train loss: 0.0115237 [31488/60000]
Avg test accuracy: 89.1526


Epoch 13
-------------------------------
Train loss: 0.0063422 [29120/60000]
Avg test accuracy: 88.0609


Epoch 14
-------------------------------
Train loss: 0.0032182 [26752/60000]
Avg test accuracy: 89.2728


Epoch 15
-------------------------------
Train loss: 0.0124293 [24384/60000]
Avg test accuracy: 89.4431

Starting training with config: /home/levi/oss-engine/papers/mlrc-or-tmlr/code/runs/long/bp/Fashion-MNIST/mse_loss/width_512/128_n_hidden/relu/depth_mup_param/adam/lr_0.005/batch_size_64/15_epochs/2 with seed: 2

Epoch 1
-------------------------------
Train loss: 0.0255307 [57536/60000]
Avg test accuracy: 85.4067


Epoch 2
-------------------------------
Train loss: 0.0163536 [55168/60000]
Avg test accuracy: 85.8574


Epoch 3
-------------------------------
Train loss: 0.0234126 [52800/60000]
Avg test accuracy: 86.5885


Epoch 4
-------------------------------
Train loss: 0.0225076 [50432/60000]
Avg test accuracy: 87.7304


Epoch 5
-------------------------------
Train loss: 0.0138307 [48064/60000]
Avg test accuracy: 87.8906


Epoch 6
-------------------------------
Train loss: 0.0150398 [45696/60000]
Avg test accuracy: 87.6302


Epoch 7
-------------------------------
Train loss: 0.0167592 [43328/60000]
Avg test accuracy: 88.6619


Epoch 8
-------------------------------
Train loss: 0.0111899 [40960/60000]
Avg test accuracy: 88.2913


Epoch 9
-------------------------------
Train loss: 0.0056918 [38592/60000]
Avg test accuracy: 88.8421


Epoch 10
-------------------------------
Train loss: 0.0049556 [36224/60000]
Avg test accuracy: 88.7921


Epoch 11
-------------------------------
Train loss: 0.0094322 [33856/60000]
Avg test accuracy: 87.9908


Epoch 12
-------------------------------
Train loss: 0.0098764 [31488/60000]
Avg test accuracy: 88.9323


Epoch 13
-------------------------------
Train loss: 0.0063805 [29120/60000]
Avg test accuracy: 89.1126


Epoch 14
-------------------------------
Train loss: 0.0056459 [26752/60000]
Avg test accuracy: 89.2929


Epoch 15
-------------------------------
Train loss: 0.0145091 [24384/60000]
Avg test accuracy: 89.1727

Starting training with config: /home/levi/oss-engine/papers/mlrc-or-tmlr/code/runs/long/bp/CIFAR10/ce_loss/width_512/128_n_hidden/relu/depth_mup_param/adam/lr_0.01/batch_size_128/20_epochs/0 with seed: 0
Files already downloaded and verified
Files already downloaded and verified

Epoch 1
-------------------------------
Train loss: 1.7826624 [49664/50000]
Avg test accuracy: 39.4631


Epoch 2
-------------------------------
Train loss: 1.6897334 [49536/50000]
Avg test accuracy: 41.6266


Epoch 3
-------------------------------
Train loss: 1.7513673 [49408/50000]
Avg test accuracy: 44.7015


Epoch 4
-------------------------------
Train loss: 1.4321623 [49280/50000]
Avg test accuracy: 46.5144


Epoch 5
-------------------------------
Train loss: 1.5200148 [49152/50000]
Avg test accuracy: 47.1354


Epoch 6
-------------------------------
Train loss: 1.4431579 [49024/50000]
Avg test accuracy: 46.9852


Epoch 7
-------------------------------
Train loss: 1.5900655 [48896/50000]
Avg test accuracy: 47.2356


Epoch 8
-------------------------------
Train loss: 1.5470356 [48768/50000]
Avg test accuracy: 48.3073


Epoch 9
-------------------------------
Train loss: 1.4823401 [48640/50000]
Avg test accuracy: 48.8281


Epoch 10
-------------------------------
Train loss: 1.3368201 [48512/50000]
Avg test accuracy: 49.2588


Epoch 11
-------------------------------
Train loss: 1.3952514 [48384/50000]
Avg test accuracy: 49.2889


Epoch 12
-------------------------------
Train loss: 1.2134383 [48256/50000]
Avg test accuracy: 50.9716


Epoch 13
-------------------------------
Train loss: 1.3202665 [48128/50000]
Avg test accuracy: 50.3205


Epoch 14
-------------------------------
Train loss: 1.3918233 [48000/50000]
Avg test accuracy: 51.0517


Epoch 15
-------------------------------
Train loss: 1.1479664 [47872/50000]
Avg test accuracy: 50.6110


Epoch 16
-------------------------------
Train loss: 1.1953213 [47744/50000]
Avg test accuracy: 52.4339


Epoch 17
-------------------------------
Train loss: 1.3119140 [47616/50000]
Avg test accuracy: 52.0333


Epoch 18
-------------------------------
Train loss: 1.3360876 [47488/50000]
Avg test accuracy: 51.9932


Epoch 19
-------------------------------
Train loss: 1.4126506 [47360/50000]
Avg test accuracy: 51.5224


Epoch 20
-------------------------------
Train loss: 1.2101253 [47232/50000]
Avg test accuracy: 51.1118

Starting training with config: /home/levi/oss-engine/papers/mlrc-or-tmlr/code/runs/long/bp/CIFAR10/ce_loss/width_512/128_n_hidden/relu/depth_mup_param/adam/lr_0.01/batch_size_128/20_epochs/1 with seed: 1
Files already downloaded and verified
Files already downloaded and verified

Epoch 1
-------------------------------
Train loss: 1.5604213 [49664/50000]
Avg test accuracy: 39.4531


Epoch 2
-------------------------------
Train loss: 1.6480306 [49536/50000]
Avg test accuracy: 43.1691


Epoch 3
-------------------------------
Train loss: 1.6434317 [49408/50000]
Avg test accuracy: 43.3794


Epoch 4
-------------------------------
Train loss: 1.5138648 [49280/50000]
Avg test accuracy: 45.9736


Epoch 5
-------------------------------
Train loss: 1.4000828 [49152/50000]
Avg test accuracy: 47.0853


Epoch 6
-------------------------------
Train loss: 1.4303321 [49024/50000]
Avg test accuracy: 47.4860


Epoch 7
-------------------------------
Train loss: 1.5704401 [48896/50000]
Avg test accuracy: 49.5793


Epoch 8
-------------------------------
Train loss: 1.2816598 [48768/50000]
Avg test accuracy: 48.2372


Epoch 9
-------------------------------
Train loss: 1.3411478 [48640/50000]
Avg test accuracy: 48.5978


Epoch 10
-------------------------------
Train loss: 1.4408666 [48512/50000]
Avg test accuracy: 48.4876


Epoch 11
-------------------------------
Train loss: 1.1139657 [48384/50000]
Avg test accuracy: 49.5092


Epoch 12
-------------------------------
Train loss: 1.2639946 [48256/50000]
Avg test accuracy: 49.9800


Epoch 13
-------------------------------
Train loss: 1.3688295 [48128/50000]
Avg test accuracy: 50.9215


Epoch 14
-------------------------------
Train loss: 1.2605646 [48000/50000]
Avg test accuracy: 51.5325


Epoch 15
-------------------------------
Train loss: 1.2386312 [47872/50000]
Avg test accuracy: 51.4724


Epoch 16
-------------------------------
Train loss: 1.3334451 [47744/50000]
Avg test accuracy: 51.6126


Epoch 17
-------------------------------
Train loss: 1.3670154 [47616/50000]
Avg test accuracy: 51.1819


Epoch 18
-------------------------------
Train loss: 1.1838686 [47488/50000]
Avg test accuracy: 51.8329


Epoch 19
-------------------------------
Train loss: 1.2043055 [47360/50000]
Avg test accuracy: 52.2035


Epoch 20
-------------------------------
Train loss: 1.3165363 [47232/50000]
Avg test accuracy: 52.0533

Starting training with config: /home/levi/oss-engine/papers/mlrc-or-tmlr/code/runs/long/bp/CIFAR10/ce_loss/width_512/128_n_hidden/relu/depth_mup_param/adam/lr_0.01/batch_size_128/20_epochs/2 with seed: 2
Files already downloaded and verified
Files already downloaded and verified

Epoch 1
-------------------------------
Train loss: 1.8067435 [49664/50000]
Avg test accuracy: 39.2929


Epoch 2
-------------------------------
Train loss: 1.6278694 [49536/50000]
Avg test accuracy: 41.6366


Epoch 3
-------------------------------
Train loss: 1.4219267 [49408/50000]
Avg test accuracy: 41.6366


Epoch 4
-------------------------------
Train loss: 1.4597814 [49280/50000]
Avg test accuracy: 44.6514


Epoch 5
-------------------------------
Train loss: 1.4961269 [49152/50000]
Avg test accuracy: 47.1254


Epoch 6
-------------------------------
Train loss: 1.7216927 [49024/50000]
Avg test accuracy: 47.2155


Epoch 7
-------------------------------
Train loss: 1.4195627 [48896/50000]
Avg test accuracy: 47.4058


Epoch 8
-------------------------------
Train loss: 1.3306186 [48768/50000]
Avg test accuracy: 48.1470


Epoch 9
-------------------------------
Train loss: 1.4324857 [48640/50000]
Avg test accuracy: 48.1871


Epoch 10
-------------------------------
Train loss: 1.2364771 [48512/50000]
Avg test accuracy: 48.8582


Epoch 11
-------------------------------
Train loss: 1.2229438 [48384/50000]
Avg test accuracy: 50.8914


Epoch 12
-------------------------------
Train loss: 1.2809601 [48256/50000]
Avg test accuracy: 50.3305


Epoch 13
-------------------------------
Train loss: 1.2122633 [48128/50000]
Avg test accuracy: 49.5192


Epoch 14
-------------------------------
Train loss: 1.3265873 [48000/50000]
Avg test accuracy: 50.9816


Epoch 15
-------------------------------
Train loss: 1.2828231 [47872/50000]
Avg test accuracy: 52.0633


Epoch 16
-------------------------------
Train loss: 1.2268319 [47744/50000]
Avg test accuracy: 50.9014


Epoch 17
-------------------------------
Train loss: 1.2981715 [47616/50000]
Avg test accuracy: 51.0417


Epoch 18
-------------------------------
Train loss: 1.2381947 [47488/50000]
Avg test accuracy: 51.8129


Epoch 19
-------------------------------
Train loss: 1.1720235 [47360/50000]
Avg test accuracy: 51.7228


Epoch 20
-------------------------------
Train loss: 1.2278447 [47232/50000]
Avg test accuracy: 53.2051

