plr 0.5 alr 1000 seed 0: acc [] stop diverged 2.7 s
plr 0.5 alr 1000 seed 1: acc [] stop diverged 0.0 s
plr 0.5 alr 1000 seed 2: acc [] stop diverged 0.0 s
plr 0.5 alr 500 seed 0: acc [] stop diverged 0.1 s
plr 0.5 alr 500 seed 1: acc [] stop diverged 0.1 s
plr 0.5 alr 500 seed 2: acc [] stop diverged 0.0 s
plr 0.5 alr 100 seed 0: acc [] stop diverged 0.0 s
plr 0.5 alr 100 seed 1: acc [] stop diverged 0.1 s
plr 0.5 alr 100 seed 2: acc [] stop diverged 0.0 s
plr 0.5 alr 50 seed 0: acc [] stop diverged 0.0 s
plr 0.5 alr 50 seed 1: acc [] stop diverged 0.0 s
plr 0.5 alr 50 seed 2: acc [] stop diverged 0.0 s
plr 0.5 alr 10 seed 0: acc [] stop diverged 0.1 s
plr 0.5 alr 10 seed 1: acc [] stop diverged 0.1 s
plr 0.5 alr 10 seed 2: acc [] stop diverged 0.1 s
plr 0.5 alr 5 seed 0: acc [] stop diverged 0.1 s
plr 0.5 alr 5 seed 1: acc [] stop diverged 0.1 s
plr 0.5 alr 5 seed 2: acc [] stop diverged 0.1 s
plr 0.5 alr 1 seed 0: acc [] stop diverged 0.1 s
plr 0.5 alr 1 seed 1: acc [] stop diverged 0.1 s
plr 0.5 alr 1 seed 2: acc [] stop diverged 0.1 s
plr 0.5 alr 0.5 seed 0: acc [] stop diverged 0.1 s
plr 0.5 alr 0.5 seed 1: acc [] stop diverged 0.1 s
plr 0.5 alr 0.5 seed 2: acc [] stop diverged 0.0 s
plr 0.5 alr 0.1 seed 0: acc [] stop diverged 0.0 s
plr 0.5 alr 0.1 seed 1: acc [] stop diverged 0.0 s
plr 0.5 alr 0.1 seed 2: acc [] stop diverged 0.0 s
plr 0.5 alr 0.05 seed 0: acc [] stop diverged 0.0 s
plr 0.5 alr 0.05 seed 1: acc [] stop diverged 0.0 s
plr 0.5 alr 0.05 seed 2: acc [] stop diverged 0.0 s
plr 0.5 alr 0.01 seed 0: acc [] stop diverged 0.0 s
plr 0.5 alr 0.01 seed 1: acc [] stop diverged 0.0 s
plr 0.5 alr 0.01 seed 2: acc [] stop diverged 0.0 s
plr 0.1 alr 1000 seed 0: acc [] stop diverged 0.0 s
plr 0.1 alr 1000 seed 1: acc [] stop diverged 0.0 s
plr 0.1 alr 1000 seed 2: acc [] stop diverged 0.0 s
plr 0.1 alr 500 seed 0: acc [] stop diverged 0.0 s
plr 0.1 alr 500 seed 1: acc [] stop diverged 0.0 s
plr 0.1 alr 500 seed 2: acc [] stop diverged 0.0 s
plr 0.1 alr 100 seed 0: acc [] stop diverged 0.0 s
plr 0.1 alr 100 seed 1: acc [] stop diverged 0.0 s
plr 0.1 alr 100 seed 2: acc [] stop diverged 0.0 s
plr 0.1 alr 50 seed 0: acc [] stop diverged 0.0 s
plr 0.1 alr 50 seed 1: acc [] stop diverged 0.0 s
plr 0.1 alr 50 seed 2: acc [] stop diverged 0.0 s
plr 0.1 alr 10 seed 0: acc [] stop diverged 0.0 s
plr 0.1 alr 10 seed 1: acc [] stop diverged 0.0 s
plr 0.1 alr 10 seed 2: acc [] stop diverged 0.0 s
plr 0.1 alr 5 seed 0: acc [] stop diverged 0.1 s
plr 0.1 alr 5 seed 1: acc [] stop diverged 0.0 s
plr 0.1 alr 5 seed 2: acc [] stop diverged 0.1 s
plr 0.1 alr 1 seed 0: acc [] stop diverged 0.1 s
plr 0.1 alr 1 seed 1: acc [] stop diverged 0.1 s
plr 0.1 alr 1 seed 2: acc [6.770833492279053] stop no_learning 1.0 s
plr 0.1 alr 0.5 seed 0: acc [] stop diverged 0.2 s
plr 0.1 alr 0.5 seed 1: acc [] stop diverged 0.3 s
plr 0.1 alr 0.5 seed 2: acc [] stop diverged 0.1 s
plr 0.1 alr 0.1 seed 0: acc [9.815705299377441] stop no_learning 0.8 s
plr 0.1 alr 0.1 seed 1: acc [10.09615421295166] stop no_learning 0.8 s
plr 0.1 alr 0.1 seed 2: acc [] stop diverged 0.1 s
plr 0.1 alr 0.05 seed 0: acc [] stop diverged 0.1 s
plr 0.1 alr 0.05 seed 1: acc [10.09615421295166] stop no_learning 0.7 s
plr 0.1 alr 0.05 seed 2: acc [8.904247283935547] stop no_learning 0.7 s
plr 0.1 alr 0.01 seed 0: acc [] stop diverged 0.1 s
plr 0.1 alr 0.01 seed 1: acc [] stop diverged 0.1 s
plr 0.1 alr 0.01 seed 2: acc [] stop diverged 0.1 s
plr 0.05 alr 1000 seed 0: acc [] stop diverged 0.0 s
plr 0.05 alr 1000 seed 1: acc [] stop diverged 0.0 s
plr 0.05 alr 1000 seed 2: acc [] stop diverged 0.0 s
plr 0.05 alr 500 seed 0: acc [] stop diverged 0.0 s
plr 0.05 alr 500 seed 1: acc [] stop diverged 0.0 s
plr 0.05 alr 500 seed 2: acc [] stop diverged 0.0 s
plr 0.05 alr 100 seed 0: acc [] stop diverged 0.1 s
plr 0.05 alr 100 seed 1: acc [] stop diverged 0.0 s
plr 0.05 alr 100 seed 2: acc [] stop diverged 0.0 s
plr 0.05 alr 50 seed 0: acc [] stop diverged 0.0 s
plr 0.05 alr 50 seed 1: acc [] stop diverged 0.1 s
plr 0.05 alr 50 seed 2: acc [] stop diverged 0.1 s
plr 0.05 alr 10 seed 0: acc [] stop diverged 0.2 s
plr 0.05 alr 10 seed 1: acc [9.805688858032227] stop no_learning 0.7 s
plr 0.05 alr 10 seed 2: acc [] stop diverged 0.1 s
plr 0.05 alr 5 seed 0: acc [9.785656929016113] stop no_learning 0.7 s
plr 0.05 alr 5 seed 1: acc [19.471153259277344, 19.481170654296875, 19.501201629638672, 19.320913314819336, 19.41105842590332, 19.260818481445312, 19.220752716064453, 19.190706253051758, 19.210737228393555] stop None 6.9 s
plr 0.05 alr 5 seed 2: acc [9.795673370361328] stop no_learning 0.8 s
plr 0.05 alr 1 seed 0: acc [] stop diverged 0.2 s
plr 0.05 alr 1 seed 1: acc [] stop diverged 0.3 s
plr 0.05 alr 1 seed 2: acc [] stop diverged 0.1 s
plr 0.05 alr 0.5 seed 0: acc [10.476762771606445] stop no_learning 0.8 s
plr 0.05 alr 0.5 seed 1: acc [8.92427921295166] stop no_learning 0.8 s
plr 0.05 alr 0.5 seed 2: acc [9.415063858032227] stop no_learning 0.8 s
plr 0.05 alr 0.1 seed 0: acc [10.326522827148438] stop no_learning 0.9 s
plr 0.05 alr 0.1 seed 1: acc [9.805688858032227] stop no_learning 1.0 s
plr 0.05 alr 0.1 seed 2: acc [9.745593070983887] stop no_learning 0.8 s
plr 0.05 alr 0.05 seed 0: acc [] stop diverged 0.1 s
plr 0.05 alr 0.05 seed 1: acc [9.96594524383545] stop no_learning 0.8 s
plr 0.05 alr 0.05 seed 2: acc [] stop diverged 0.2 s
plr 0.05 alr 0.01 seed 0: acc [] stop diverged 0.1 s
plr 0.05 alr 0.01 seed 1: acc [] stop diverged 0.1 s
plr 0.05 alr 0.01 seed 2: acc [] stop diverged 0.1 s
plr 0.01 alr 1000 seed 0: acc [] stop diverged 0.0 s
plr 0.01 alr 1000 seed 1: acc [] stop diverged 0.0 s
plr 0.01 alr 1000 seed 2: acc [] stop diverged 0.0 s
plr 0.01 alr 500 seed 0: acc [] stop diverged 0.0 s
plr 0.01 alr 500 seed 1: acc [] stop diverged 0.0 s
plr 0.01 alr 500 seed 2: acc [] stop diverged 0.0 s
plr 0.01 alr 100 seed 0: acc [6.830929756164551] stop no_learning 0.8 s
plr 0.01 alr 100 seed 1: acc [11.217948913574219] stop no_learning 0.8 s
plr 0.01 alr 100 seed 2: acc [9.795673370361328] stop no_learning 1.1 s
plr 0.01 alr 50 seed 0: acc [9.054487228393555] stop no_learning 1.1 s
plr 0.01 alr 50 seed 1: acc [10.506811141967773] stop no_learning 0.8 s
plr 0.01 alr 50 seed 2: acc [17.548076629638672, 9.615385055541992] stop no_learning 1.6 s
plr 0.01 alr 10 seed 0: acc [15.504807472229004, 13.581730842590332] stop no_learning 1.7 s
plr 0.01 alr 10 seed 1: acc [16.53645896911621, 9.134615898132324] stop no_learning 2.3 s
plr 0.01 alr 10 seed 2: acc [19.070512771606445] stop diverged 1.2 s
plr 0.01 alr 5 seed 0: acc [10.647035598754883] stop no_learning 0.8 s
plr 0.01 alr 5 seed 1: acc [12.540063858032227] stop no_learning 0.8 s
plr 0.01 alr 5 seed 2: acc [10.506811141967773] stop no_learning 1.0 s
plr 0.01 alr 1 seed 0: acc [9.57532024383545] stop no_learning 1.0 s
plr 0.01 alr 1 seed 1: acc [11.328125] stop no_learning 1.0 s
plr 0.01 alr 1 seed 2: acc [10.29647445678711] stop no_learning 0.7 s
plr 0.01 alr 0.5 seed 0: acc [9.785656929016113] stop no_learning 0.8 s
plr 0.01 alr 0.5 seed 1: acc [10.09615421295166] stop no_learning 0.8 s
plr 0.01 alr 0.5 seed 2: acc [10.056089401245117] stop no_learning 0.8 s
plr 0.01 alr 0.1 seed 0: acc [9.785656929016113] stop no_learning 1.1 s
plr 0.01 alr 0.1 seed 1: acc [10.336538314819336] stop no_learning 1.1 s
plr 0.01 alr 0.1 seed 2: acc [9.795673370361328] stop no_learning 0.9 s
plr 0.01 alr 0.05 seed 0: acc [11.348156929016113] stop no_learning 0.8 s
plr 0.01 alr 0.05 seed 1: acc [9.825721740722656] stop no_learning 0.8 s
plr 0.01 alr 0.05 seed 2: acc [9.795673370361328] stop no_learning 0.8 s
plr 0.01 alr 0.01 seed 0: acc [10.076122283935547] stop no_learning 1.0 s
plr 0.01 alr 0.01 seed 1: acc [9.805688858032227] stop no_learning 1.0 s
plr 0.01 alr 0.01 seed 2: acc [10.056089401245117] stop no_learning 1.0 s
plr 0.5 alr 1000 seed 0: acc [] stop diverged 3.6 s
plr 0.5 alr 1000 seed 1: acc [] stop diverged 0.1 s
plr 0.5 alr 1000 seed 2: acc [] stop diverged 0.1 s
plr 0.5 alr 500 seed 0: acc [] stop diverged 0.1 s
plr 0.5 alr 500 seed 1: acc [] stop diverged 0.1 s
plr 0.5 alr 500 seed 2: acc [] stop diverged 0.1 s
plr 0.5 alr 100 seed 0: acc [] stop diverged 0.1 s
plr 0.5 alr 100 seed 1: acc [] stop diverged 0.1 s
plr 0.5 alr 100 seed 2: acc [] stop diverged 0.1 s
plr 0.5 alr 50 seed 0: acc [] stop diverged 0.1 s
plr 0.5 alr 50 seed 1: acc [] stop diverged 0.1 s
plr 0.5 alr 50 seed 2: acc [] stop diverged 0.1 s
plr 0.5 alr 10 seed 0: acc [] stop diverged 0.1 s
plr 0.5 alr 10 seed 1: acc [] stop diverged 0.1 s
plr 0.5 alr 10 seed 2: acc [] stop diverged 0.1 s
plr 0.5 alr 5 seed 0: acc [] stop diverged 0.1 s
plr 0.5 alr 5 seed 1: acc [] stop diverged 0.1 s
plr 0.5 alr 5 seed 2: acc [] stop diverged 0.1 s
plr 0.5 alr 1 seed 0: acc [] stop diverged 0.1 s
plr 0.5 alr 1 seed 1: acc [] stop diverged 0.1 s
plr 0.5 alr 1 seed 2: acc [] stop diverged 0.1 s
plr 0.5 alr 0.5 seed 0: acc [] stop diverged 0.1 s
plr 0.5 alr 0.5 seed 1: acc [] stop diverged 0.1 s
plr 0.5 alr 0.5 seed 2: acc [] stop diverged 0.1 s
plr 0.5 alr 0.1 seed 0: acc [] stop diverged 0.1 s
plr 0.5 alr 0.1 seed 1: acc [] stop diverged 0.1 s
plr 0.5 alr 0.1 seed 2: acc [] stop diverged 0.1 s
plr 0.5 alr 0.05 seed 0: acc [] stop diverged 0.1 s
plr 0.5 alr 0.05 seed 1: acc [] stop diverged 0.1 s
plr 0.5 alr 0.05 seed 2: acc [] stop diverged 0.1 s
plr 0.5 alr 0.01 seed 0: acc [] stop diverged 0.1 s
plr 0.5 alr 0.01 seed 1: acc [] stop diverged 0.1 s
plr 0.5 alr 0.01 seed 2: acc [] stop diverged 0.1 s
plr 0.1 alr 1000 seed 0: acc [] stop diverged 0.1 s
plr 0.1 alr 1000 seed 1: acc [] stop diverged 0.1 s
plr 0.1 alr 1000 seed 2: acc [] stop diverged 0.1 s
plr 0.1 alr 500 seed 0: acc [] stop diverged 0.1 s
plr 0.1 alr 500 seed 1: acc [] stop diverged 0.1 s
plr 0.1 alr 500 seed 2: acc [] stop diverged 0.1 s
plr 0.1 alr 100 seed 0: acc [] stop diverged 0.1 s
plr 0.1 alr 100 seed 1: acc [] stop diverged 0.1 s
plr 0.1 alr 100 seed 2: acc [] stop diverged 0.1 s
plr 0.1 alr 50 seed 0: acc [] stop diverged 0.1 s
plr 0.1 alr 50 seed 1: acc [] stop diverged 0.1 s
plr 0.1 alr 50 seed 2: acc [] stop diverged 0.1 s
plr 0.1 alr 10 seed 0: acc [] stop diverged 0.1 s
plr 0.1 alr 10 seed 1: acc [] stop diverged 0.1 s
plr 0.1 alr 10 seed 2: acc [] stop diverged 0.1 s
plr 0.1 alr 5 seed 0: acc [] stop diverged 0.1 s
plr 0.1 alr 5 seed 1: acc [] stop diverged 0.1 s
plr 0.1 alr 5 seed 2: acc [] stop diverged 0.1 s
plr 0.1 alr 1 seed 0: acc [] stop diverged 0.1 s
plr 0.1 alr 1 seed 1: acc [] stop diverged 0.1 s
plr 0.1 alr 1 seed 2: acc [] stop diverged 0.1 s
plr 0.1 alr 0.5 seed 0: acc [] stop diverged 0.1 s
plr 0.1 alr 0.5 seed 1: acc [] stop diverged 0.1 s
plr 0.1 alr 0.5 seed 2: acc [] stop diverged 0.1 s
plr 0.1 alr 0.1 seed 0: acc [] stop diverged 0.1 s
plr 0.1 alr 0.1 seed 1: acc [] stop diverged 0.1 s
plr 0.1 alr 0.1 seed 2: acc [] stop diverged 0.1 s
plr 0.1 alr 0.05 seed 0: acc [] stop diverged 0.1 s
plr 0.1 alr 0.05 seed 1: acc [] stop diverged 0.1 s
plr 0.1 alr 0.05 seed 2: acc [] stop diverged 0.1 s
plr 0.1 alr 0.01 seed 0: acc [] stop diverged 0.1 s
plr 0.1 alr 0.01 seed 1: acc [] stop diverged 0.1 s
plr 0.1 alr 0.01 seed 2: acc [] stop diverged 0.1 s
plr 0.05 alr 1000 seed 0: acc [] stop diverged 0.1 s
plr 0.05 alr 1000 seed 1: acc [] stop diverged 0.1 s
plr 0.05 alr 1000 seed 2: acc [] stop diverged 0.1 s
plr 0.05 alr 500 seed 0: acc [] stop diverged 0.1 s
plr 0.05 alr 500 seed 1: acc [] stop diverged 0.1 s
plr 0.05 alr 500 seed 2: acc [] stop diverged 0.1 s
plr 0.05 alr 100 seed 0: acc [] stop diverged 0.1 s
plr 0.05 alr 100 seed 1: acc [] stop diverged 0.1 s
plr 0.05 alr 100 seed 2: acc [] stop diverged 0.1 s
plr 0.05 alr 50 seed 0: acc [] stop diverged 0.1 s
plr 0.05 alr 50 seed 1: acc [] stop diverged 0.1 s
plr 0.05 alr 50 seed 2: acc [] stop diverged 0.1 s
plr 0.05 alr 10 seed 0: acc [] stop diverged 0.1 s
plr 0.05 alr 10 seed 1: acc [] stop diverged 0.1 s
plr 0.05 alr 10 seed 2: acc [] stop diverged 0.1 s
plr 0.05 alr 5 seed 0: acc [] stop diverged 0.1 s
plr 0.05 alr 5 seed 1: acc [] stop diverged 0.1 s
plr 0.05 alr 5 seed 2: acc [] stop diverged 0.1 s
plr 0.05 alr 1 seed 0: acc [] stop diverged 0.1 s
plr 0.05 alr 1 seed 1: acc [] stop diverged 0.1 s
plr 0.05 alr 1 seed 2: acc [] stop diverged 0.1 s
plr 0.05 alr 0.5 seed 0: acc [] stop diverged 0.1 s
plr 0.05 alr 0.5 seed 1: acc [] stop diverged 0.1 s
plr 0.05 alr 0.5 seed 2: acc [] stop diverged 0.1 s
plr 0.05 alr 0.1 seed 0: acc [] stop diverged 0.1 s
plr 0.05 alr 0.1 seed 1: acc [] stop diverged 0.1 s
plr 0.05 alr 0.1 seed 2: acc [] stop diverged 0.1 s
plr 0.05 alr 0.05 seed 0: acc [] stop diverged 0.1 s
plr 0.05 alr 0.05 seed 1: acc [] stop diverged 0.1 s
plr 0.05 alr 0.05 seed 2: acc [] stop diverged 0.1 s
plr 0.05 alr 0.01 seed 0: acc [] stop diverged 0.1 s
plr 0.05 alr 0.01 seed 1: acc [] stop diverged 0.1 s
plr 0.05 alr 0.01 seed 2: acc [] stop diverged 0.1 s
plr 0.01 alr 1000 seed 0: acc [] stop diverged 0.1 s
plr 0.01 alr 1000 seed 1: acc [] stop diverged 0.1 s
plr 0.01 alr 1000 seed 2: acc [] stop diverged 0.1 s
plr 0.01 alr 500 seed 0: acc [] stop diverged 0.1 s
plr 0.01 alr 500 seed 1: acc [] stop diverged 0.1 s
plr 0.01 alr 500 seed 2: acc [] stop diverged 0.1 s
plr 0.01 alr 100 seed 0: acc [] stop diverged 0.1 s
plr 0.01 alr 100 seed 1: acc [] stop diverged 0.1 s
plr 0.01 alr 100 seed 2: acc [] stop diverged 0.1 s
plr 0.01 alr 50 seed 0: acc [9.785656929016113] stop no_learning 1.6 s
plr 0.01 alr 50 seed 1: acc [] stop diverged 0.5 s
plr 0.01 alr 50 seed 2: acc [] stop diverged 0.8 s
plr 0.01 alr 10 seed 0: acc [] stop diverged 0.4 s
plr 0.01 alr 10 seed 1: acc [] stop diverged 0.4 s
plr 0.01 alr 10 seed 2: acc [12.379807472229004] stop no_learning 1.1 s
plr 0.01 alr 5 seed 0: acc [14.53325366973877] stop no_learning 1.1 s
plr 0.01 alr 5 seed 1: acc [8.92427921295166] stop no_learning 1.1 s
plr 0.01 alr 5 seed 2: acc [8.904247283935547] stop no_learning 1.1 s
plr 0.01 alr 1 seed 0: acc [] stop diverged 0.2 s
plr 0.01 alr 1 seed 1: acc [] stop diverged 0.2 s
plr 0.01 alr 1 seed 2: acc [] stop diverged 0.2 s
plr 0.01 alr 0.5 seed 0: acc [] stop diverged 0.2 s
plr 0.01 alr 0.5 seed 1: acc [] stop diverged 0.2 s
plr 0.01 alr 0.5 seed 2: acc [] stop diverged 0.2 s
plr 0.01 alr 0.1 seed 0: acc [] stop diverged 0.2 s
plr 0.01 alr 0.1 seed 1: acc [] stop diverged 0.2 s
plr 0.01 alr 0.1 seed 2: acc [] stop diverged 0.2 s
plr 0.01 alr 0.05 seed 0: acc [] stop diverged 0.2 s
plr 0.01 alr 0.05 seed 1: acc [] stop diverged 0.2 s
plr 0.01 alr 0.05 seed 2: acc [] stop diverged 0.2 s
plr 0.01 alr 0.01 seed 0: acc [] stop diverged 0.2 s
plr 0.01 alr 0.01 seed 1: acc [] stop diverged 0.2 s
plr 0.01 alr 0.01 seed 2: acc [] stop diverged 0.2 s
plr 0.5 alr 1000 seed 0: acc [] stop diverged 2.7 s
plr 0.5 alr 1000 seed 1: acc [] stop diverged 0.1 s
plr 0.5 alr 1000 seed 2: acc [] stop diverged 0.1 s
plr 0.5 alr 500 seed 0: acc [] stop diverged 0.1 s
plr 0.5 alr 500 seed 1: acc [] stop diverged 0.1 s
plr 0.5 alr 500 seed 2: acc [] stop diverged 0.1 s
plr 0.5 alr 100 seed 0: acc [] stop diverged 0.1 s
plr 0.5 alr 100 seed 1: acc [] stop diverged 0.1 s
plr 0.5 alr 100 seed 2: acc [] stop diverged 0.1 s
plr 0.5 alr 50 seed 0: acc [] stop diverged 0.1 s
plr 0.5 alr 50 seed 1: acc [] stop diverged 0.1 s
plr 0.5 alr 50 seed 2: acc [] stop diverged 0.1 s
plr 0.5 alr 10 seed 0: acc [] stop diverged 0.1 s
plr 0.5 alr 10 seed 1: acc [] stop diverged 0.1 s
plr 0.5 alr 10 seed 2: acc [] stop diverged 0.1 s
plr 0.5 alr 5 seed 0: acc [] stop diverged 0.1 s
plr 0.5 alr 5 seed 1: acc [] stop diverged 0.1 s
plr 0.5 alr 5 seed 2: acc [] stop diverged 0.1 s
plr 0.5 alr 1 seed 0: acc [] stop diverged 0.1 s
plr 0.5 alr 1 seed 1: acc [] stop diverged 0.1 s
plr 0.5 alr 1 seed 2: acc [] stop diverged 0.1 s
plr 0.5 alr 0.5 seed 0: acc [] stop diverged 0.1 s
plr 0.5 alr 0.5 seed 1: acc [] stop diverged 0.1 s
plr 0.5 alr 0.5 seed 2: acc [] stop diverged 0.1 s
plr 0.5 alr 0.1 seed 0: acc [] stop diverged 0.1 s
plr 0.5 alr 0.1 seed 1: acc [] stop diverged 0.1 s
plr 0.5 alr 0.1 seed 2: acc [] stop diverged 0.1 s
plr 0.5 alr 0.05 seed 0: acc [] stop diverged 0.1 s
plr 0.5 alr 0.05 seed 1: acc [] stop diverged 0.1 s
plr 0.5 alr 0.05 seed 2: acc [] stop diverged 0.1 s
plr 0.5 alr 0.01 seed 0: acc [] stop diverged 0.1 s
plr 0.5 alr 0.01 seed 1: acc [] stop diverged 0.1 s
plr 0.5 alr 0.01 seed 2: acc [] stop diverged 0.1 s
plr 0.1 alr 1000 seed 0: acc [] stop diverged 0.1 s
plr 0.1 alr 1000 seed 1: acc [] stop diverged 0.1 s
plr 0.1 alr 1000 seed 2: acc [] stop diverged 0.1 s
plr 0.1 alr 500 seed 0: acc [] stop diverged 0.1 s
plr 0.1 alr 500 seed 1: acc [] stop diverged 0.1 s
plr 0.1 alr 500 seed 2: acc [] stop diverged 0.1 s
plr 0.1 alr 100 seed 0: acc [] stop diverged 0.1 s
plr 0.1 alr 100 seed 1: acc [] stop diverged 0.1 s
plr 0.1 alr 100 seed 2: acc [] stop diverged 0.1 s
plr 0.1 alr 50 seed 0: acc [] stop diverged 0.1 s
plr 0.1 alr 50 seed 1: acc [] stop diverged 0.1 s
plr 0.1 alr 50 seed 2: acc [] stop diverged 0.1 s
plr 0.1 alr 10 seed 0: acc [] stop diverged 0.1 s
plr 0.1 alr 10 seed 1: acc [] stop diverged 0.1 s
plr 0.1 alr 10 seed 2: acc [] stop diverged 0.1 s
plr 0.1 alr 5 seed 0: acc [] stop diverged 0.1 s
plr 0.1 alr 5 seed 1: acc [] stop diverged 0.1 s
plr 0.1 alr 5 seed 2: acc [] stop diverged 0.1 s
plr 0.1 alr 1 seed 0: acc [] stop diverged 0.1 s
plr 0.1 alr 1 seed 1: acc [] stop diverged 0.1 s
plr 0.1 alr 1 seed 2: acc [] stop diverged 0.1 s
plr 0.1 alr 0.5 seed 0: acc [] stop diverged 0.1 s
plr 0.1 alr 0.5 seed 1: acc [] stop diverged 0.1 s
plr 0.1 alr 0.5 seed 2: acc [] stop diverged 0.1 s
plr 0.1 alr 0.1 seed 0: acc [] stop diverged 0.1 s
plr 0.1 alr 0.1 seed 1: acc [] stop diverged 0.1 s
plr 0.1 alr 0.1 seed 2: acc [] stop diverged 0.1 s
plr 0.1 alr 0.05 seed 0: acc [] stop diverged 0.1 s
plr 0.1 alr 0.05 seed 1: acc [] stop diverged 0.1 s
plr 0.1 alr 0.05 seed 2: acc [] stop diverged 0.1 s
plr 0.1 alr 0.01 seed 0: acc [] stop diverged 0.1 s
plr 0.1 alr 0.01 seed 1: acc [] stop diverged 0.1 s
plr 0.1 alr 0.01 seed 2: acc [] stop diverged 0.1 s
plr 0.05 alr 1000 seed 0: acc [] stop diverged 0.1 s
plr 0.05 alr 1000 seed 1: acc [] stop diverged 0.1 s
plr 0.05 alr 1000 seed 2: acc [] stop diverged 0.1 s
plr 0.05 alr 500 seed 0: acc [] stop diverged 0.1 s
plr 0.05 alr 500 seed 1: acc [] stop diverged 0.1 s
plr 0.05 alr 500 seed 2: acc [] stop diverged 0.1 s
plr 0.05 alr 100 seed 0: acc [] stop diverged 0.1 s
plr 0.05 alr 100 seed 1: acc [] stop diverged 0.1 s
plr 0.05 alr 100 seed 2: acc [] stop diverged 0.1 s
plr 0.05 alr 50 seed 0: acc [] stop diverged 0.1 s
plr 0.05 alr 50 seed 1: acc [] stop diverged 0.1 s
plr 0.05 alr 50 seed 2: acc [] stop diverged 0.1 s
plr 0.05 alr 10 seed 0: acc [] stop diverged 0.1 s
plr 0.05 alr 10 seed 1: acc [] stop diverged 0.1 s
plr 0.05 alr 10 seed 2: acc [] stop diverged 0.1 s
plr 0.05 alr 5 seed 0: acc [] stop diverged 0.1 s
plr 0.05 alr 5 seed 1: acc [] stop diverged 0.1 s
plr 0.05 alr 5 seed 2: acc [] stop diverged 0.1 s
plr 0.05 alr 1 seed 0: acc [] stop diverged 0.1 s
plr 0.05 alr 1 seed 1: acc [] stop diverged 0.1 s
plr 0.05 alr 1 seed 2: acc [] stop diverged 0.1 s
plr 0.05 alr 0.5 seed 0: acc [] stop diverged 0.1 s
plr 0.05 alr 0.5 seed 1: acc [] stop diverged 0.1 s
plr 0.05 alr 0.5 seed 2: acc [] stop diverged 0.1 s
plr 0.05 alr 0.1 seed 0: acc [] stop diverged 0.1 s
plr 0.05 alr 0.1 seed 1: acc [] stop diverged 0.1 s
plr 0.05 alr 0.1 seed 2: acc [] stop diverged 0.1 s
plr 0.05 alr 0.05 seed 0: acc [] stop diverged 0.1 s
plr 0.05 alr 0.05 seed 1: acc [] stop diverged 0.1 s
plr 0.05 alr 0.05 seed 2: acc [] stop diverged 0.1 s
plr 0.05 alr 0.01 seed 0: acc [] stop diverged 0.1 s
plr 0.05 alr 0.01 seed 1: acc [] stop diverged 0.1 s
plr 0.05 alr 0.01 seed 2: acc [] stop diverged 0.1 s
plr 0.01 alr 1000 seed 0: acc [] stop diverged 0.1 s
plr 0.01 alr 1000 seed 1: acc [] stop diverged 0.1 s
plr 0.01 alr 1000 seed 2: acc [] stop diverged 0.1 s
plr 0.01 alr 500 seed 0: acc [] stop diverged 0.1 s
plr 0.01 alr 500 seed 1: acc [] stop diverged 0.1 s
plr 0.01 alr 500 seed 2: acc [] stop diverged 0.1 s
plr 0.01 alr 100 seed 0: acc [] stop diverged 0.1 s
plr 0.01 alr 100 seed 1: acc [] stop diverged 0.1 s
plr 0.01 alr 100 seed 2: acc [] stop diverged 0.1 s
plr 0.01 alr 50 seed 0: acc [] stop diverged 0.1 s
plr 0.01 alr 50 seed 1: acc [] stop diverged 0.1 s
plr 0.01 alr 50 seed 2: acc [] stop diverged 0.1 s
plr 0.01 alr 10 seed 0: acc [] stop diverged 0.1 s
plr 0.01 alr 10 seed 1: acc [] stop diverged 0.2 s
plr 0.01 alr 10 seed 2: acc [] stop diverged 0.1 s
plr 0.01 alr 5 seed 0: acc [] stop diverged 0.1 s
plr 0.01 alr 5 seed 1: acc [] stop diverged 0.1 s
plr 0.01 alr 5 seed 2: acc [] stop diverged 0.1 s
plr 0.01 alr 1 seed 0: acc [] stop diverged 0.1 s
plr 0.01 alr 1 seed 1: acc [] stop diverged 0.1 s
plr 0.01 alr 1 seed 2: acc [] stop diverged 0.1 s
plr 0.01 alr 0.5 seed 0: acc [] stop diverged 0.1 s
plr 0.01 alr 0.5 seed 1: acc [] stop diverged 0.1 s
plr 0.01 alr 0.5 seed 2: acc [] stop diverged 0.1 s
plr 0.01 alr 0.1 seed 0: acc [] stop diverged 0.1 s
plr 0.01 alr 0.1 seed 1: acc [] stop diverged 0.1 s
plr 0.01 alr 0.1 seed 2: acc [] stop diverged 0.1 s
plr 0.01 alr 0.05 seed 0: acc [] stop diverged 0.1 s
plr 0.01 alr 0.05 seed 1: acc [] stop diverged 0.1 s
plr 0.01 alr 0.05 seed 2: acc [] stop diverged 0.1 s
plr 0.01 alr 0.01 seed 0: acc [] stop diverged 0.1 s
plr 0.01 alr 0.01 seed 1: acc [] stop diverged 0.1 s
plr 0.01 alr 0.01 seed 2: acc [] stop diverged 0.1 s
plr 0.5 alr 1000 seed 0: acc [] stop diverged 3.0 s
plr 0.5 alr 1000 seed 1: acc [] stop diverged 0.2 s
plr 0.5 alr 1000 seed 2: acc [] stop diverged 0.2 s
plr 0.5 alr 500 seed 0: acc [] stop diverged 0.2 s
plr 0.5 alr 500 seed 1: acc [] stop diverged 0.2 s
plr 0.5 alr 500 seed 2: acc [] stop diverged 0.2 s
plr 0.5 alr 100 seed 0: acc [] stop diverged 0.2 s
plr 0.5 alr 100 seed 1: acc [] stop diverged 0.2 s
plr 0.5 alr 100 seed 2: acc [] stop diverged 0.2 s
plr 0.5 alr 50 seed 0: acc [] stop diverged 0.2 s
plr 0.5 alr 50 seed 1: acc [] stop diverged 0.2 s
plr 0.5 alr 50 seed 2: acc [] stop diverged 0.2 s
plr 0.5 alr 10 seed 0: acc [] stop diverged 0.2 s
plr 0.5 alr 10 seed 1: acc [] stop diverged 0.2 s
plr 0.5 alr 10 seed 2: acc [] stop diverged 0.2 s
plr 0.5 alr 5 seed 0: acc [] stop diverged 0.2 s
plr 0.5 alr 5 seed 1: acc [] stop diverged 0.2 s
plr 0.5 alr 5 seed 2: acc [] stop diverged 0.2 s
plr 0.5 alr 1 seed 0: acc [] stop diverged 0.2 s
plr 0.5 alr 1 seed 1: acc [] stop diverged 0.2 s
plr 0.5 alr 1 seed 2: acc [] stop diverged 0.2 s
plr 0.5 alr 0.5 seed 0: acc [] stop diverged 0.2 s
plr 0.5 alr 0.5 seed 1: acc [] stop diverged 0.2 s
plr 0.5 alr 0.5 seed 2: acc [] stop diverged 0.2 s
plr 0.5 alr 0.1 seed 0: acc [] stop diverged 0.2 s
plr 0.5 alr 0.1 seed 1: acc [] stop diverged 0.2 s
plr 0.5 alr 0.1 seed 2: acc [] stop diverged 0.2 s
plr 0.5 alr 0.05 seed 0: acc [] stop diverged 0.2 s
plr 0.5 alr 0.05 seed 1: acc [] stop diverged 0.2 s
plr 0.5 alr 0.05 seed 2: acc [] stop diverged 0.2 s
plr 0.5 alr 0.01 seed 0: acc [] stop diverged 0.2 s
plr 0.5 alr 0.01 seed 1: acc [] stop diverged 0.2 s
plr 0.5 alr 0.01 seed 2: acc [] stop diverged 0.3 s
plr 0.1 alr 1000 seed 0: acc [] stop diverged 0.2 s
plr 0.1 alr 1000 seed 1: acc [] stop diverged 0.2 s
plr 0.1 alr 1000 seed 2: acc [] stop diverged 0.2 s
plr 0.1 alr 500 seed 0: acc [] stop diverged 0.2 s
plr 0.1 alr 500 seed 1: acc [] stop diverged 0.2 s
plr 0.1 alr 500 seed 2: acc [] stop diverged 0.2 s
plr 0.1 alr 100 seed 0: acc [] stop diverged 0.2 s
plr 0.1 alr 100 seed 1: acc [] stop diverged 0.2 s
plr 0.1 alr 100 seed 2: acc [] stop diverged 0.2 s
plr 0.1 alr 50 seed 0: acc [] stop diverged 0.2 s
plr 0.1 alr 50 seed 1: acc [] stop diverged 0.2 s
plr 0.1 alr 50 seed 2: acc [] stop diverged 0.2 s
plr 0.1 alr 10 seed 0: acc [] stop diverged 0.2 s
plr 0.1 alr 10 seed 1: acc [] stop diverged 0.2 s
plr 0.1 alr 10 seed 2: acc [] stop diverged 0.2 s
plr 0.1 alr 5 seed 0: acc [] stop diverged 0.2 s
plr 0.1 alr 5 seed 1: acc [] stop diverged 0.2 s
plr 0.1 alr 5 seed 2: acc [] stop diverged 0.2 s
plr 0.1 alr 1 seed 0: acc [] stop diverged 0.2 s
plr 0.1 alr 1 seed 1: acc [] stop diverged 0.2 s
plr 0.1 alr 1 seed 2: acc [] stop diverged 0.2 s
plr 0.1 alr 0.5 seed 0: acc [] stop diverged 0.2 s
plr 0.1 alr 0.5 seed 1: acc [] stop diverged 0.2 s
plr 0.1 alr 0.5 seed 2: acc [] stop diverged 0.2 s
plr 0.1 alr 0.1 seed 0: acc [] stop diverged 0.2 s
plr 0.1 alr 0.1 seed 1: acc [] stop diverged 0.3 s
plr 0.1 alr 0.1 seed 2: acc [] stop diverged 0.3 s
plr 0.1 alr 0.05 seed 0: acc [] stop diverged 0.3 s
plr 0.1 alr 0.05 seed 1: acc [] stop diverged 0.3 s
plr 0.1 alr 0.05 seed 2: acc [] stop diverged 0.3 s
plr 0.1 alr 0.01 seed 0: acc [] stop diverged 0.3 s
plr 0.1 alr 0.01 seed 1: acc [] stop diverged 0.2 s
plr 0.1 alr 0.01 seed 2: acc [] stop diverged 0.3 s
plr 0.05 alr 1000 seed 0: acc [] stop diverged 0.2 s
plr 0.05 alr 1000 seed 1: acc [] stop diverged 0.3 s
plr 0.05 alr 1000 seed 2: acc [] stop diverged 0.2 s
plr 0.05 alr 500 seed 0: acc [] stop diverged 0.2 s
plr 0.05 alr 500 seed 1: acc [] stop diverged 0.2 s
plr 0.05 alr 500 seed 2: acc [] stop diverged 0.2 s
plr 0.05 alr 100 seed 0: acc [] stop diverged 0.2 s
plr 0.05 alr 100 seed 1: acc [] stop diverged 0.2 s
plr 0.05 alr 100 seed 2: acc [] stop diverged 0.2 s
plr 0.05 alr 50 seed 0: acc [] stop diverged 0.2 s
plr 0.05 alr 50 seed 1: acc [] stop diverged 0.2 s
plr 0.05 alr 50 seed 2: acc [] stop diverged 0.2 s
plr 0.05 alr 10 seed 0: acc [] stop diverged 0.2 s
plr 0.05 alr 10 seed 1: acc [] stop diverged 0.2 s
plr 0.05 alr 10 seed 2: acc [] stop diverged 0.2 s
plr 0.05 alr 5 seed 0: acc [] stop diverged 0.2 s
plr 0.05 alr 5 seed 1: acc [] stop diverged 0.2 s
plr 0.05 alr 5 seed 2: acc [] stop diverged 0.2 s
plr 0.05 alr 1 seed 0: acc [] stop diverged 0.2 s
plr 0.05 alr 1 seed 1: acc [] stop diverged 0.2 s
plr 0.05 alr 1 seed 2: acc [] stop diverged 0.2 s
plr 0.05 alr 0.5 seed 0: acc [] stop diverged 0.2 s
plr 0.05 alr 0.5 seed 1: acc [] stop diverged 0.2 s
plr 0.05 alr 0.5 seed 2: acc [] stop diverged 0.2 s
plr 0.05 alr 0.1 seed 0: acc [] stop diverged 0.2 s
plr 0.05 alr 0.1 seed 1: acc [] stop diverged 0.2 s
plr 0.05 alr 0.1 seed 2: acc [] stop diverged 0.2 s
plr 0.05 alr 0.05 seed 0: acc [] stop diverged 0.2 s
plr 0.05 alr 0.05 seed 1: acc [] stop diverged 0.2 s
plr 0.05 alr 0.05 seed 2: acc [] stop diverged 0.2 s
plr 0.05 alr 0.01 seed 0: acc [] stop diverged 0.2 s
plr 0.05 alr 0.01 seed 1: acc [] stop diverged 0.2 s
plr 0.05 alr 0.01 seed 2: acc [] stop diverged 0.2 s
plr 0.01 alr 1000 seed 0: acc [] stop diverged 0.2 s
plr 0.01 alr 1000 seed 1: acc [] stop diverged 0.2 s
plr 0.01 alr 1000 seed 2: acc [] stop diverged 0.2 s
plr 0.01 alr 500 seed 0: acc [] stop diverged 0.2 s
plr 0.01 alr 500 seed 1: acc [] stop diverged 0.2 s
plr 0.01 alr 500 seed 2: acc [] stop diverged 0.2 s
plr 0.01 alr 100 seed 0: acc [] stop diverged 0.2 s
plr 0.01 alr 100 seed 1: acc [] stop diverged 0.2 s
plr 0.01 alr 100 seed 2: acc [] stop diverged 0.2 s
plr 0.01 alr 50 seed 0: acc [] stop diverged 0.2 s
plr 0.01 alr 50 seed 1: acc [] stop diverged 0.2 s
plr 0.01 alr 50 seed 2: acc [] stop diverged 0.2 s
plr 0.01 alr 10 seed 0: acc [] stop diverged 0.3 s
plr 0.01 alr 10 seed 1: acc [] stop diverged 0.2 s
plr 0.01 alr 10 seed 2: acc [] stop diverged 0.3 s
plr 0.01 alr 5 seed 0: acc [] stop diverged 0.2 s
plr 0.01 alr 5 seed 1: acc [] stop diverged 0.3 s
plr 0.01 alr 5 seed 2: acc [] stop diverged 0.3 s
plr 0.01 alr 1 seed 0: acc [] stop diverged 0.3 s
plr 0.01 alr 1 seed 1: acc [] stop diverged 0.3 s
plr 0.01 alr 1 seed 2: acc [] stop diverged 0.2 s
plr 0.01 alr 0.5 seed 0: acc [] stop diverged 0.2 s
plr 0.01 alr 0.5 seed 1: acc [] stop diverged 0.2 s
plr 0.01 alr 0.5 seed 2: acc [] stop diverged 0.2 s
plr 0.01 alr 0.1 seed 0: acc [] stop diverged 0.2 s
plr 0.01 alr 0.1 seed 1: acc [] stop diverged 0.2 s
plr 0.01 alr 0.1 seed 2: acc [] stop diverged 0.2 s
plr 0.01 alr 0.05 seed 0: acc [] stop diverged 0.2 s
plr 0.01 alr 0.05 seed 1: acc [] stop diverged 0.2 s
plr 0.01 alr 0.05 seed 2: acc [] stop diverged 0.2 s
plr 0.01 alr 0.01 seed 0: acc [] stop diverged 0.2 s
plr 0.01 alr 0.01 seed 1: acc [] stop diverged 0.2 s
plr 0.01 alr 0.01 seed 2: acc [] stop diverged 0.2 s
{'spEightAcc': '11.85', 'spSixteenAcc': '9.73', 'spThirtytwoAcc': '10.79', 'spSixtyfourAcc': 'no eligible cell', 'spOnetwentyeightAcc': 'no eligible cell', 'complete': True, 'spEligibleDeep': 0, 'spMaxDeep': 'none', 'spVerdict': 'held'}
