plr 0.5 alr 1000 seed 0: acc [] stop diverged 10.6 s
plr 0.5 alr 1000 seed 1: acc [] stop diverged 1.3 s
plr 0.5 alr 1000 seed 2: acc [] stop diverged 1.0 s
plr 0.5 alr 500 seed 0: acc [] stop diverged 1.0 s
plr 0.5 alr 500 seed 1: acc [] stop diverged 1.0 s
plr 0.5 alr 500 seed 2: acc [] stop diverged 0.5 s
plr 0.5 alr 100 seed 0: acc [] stop diverged 0.7 s
plr 0.5 alr 100 seed 1: acc [] stop diverged 1.2 s
plr 0.5 alr 100 seed 2: acc [] stop diverged 1.4 s
plr 0.5 alr 50 seed 0: acc [] stop diverged 0.8 s
plr 0.5 alr 50 seed 1: acc [] stop diverged 1.1 s
plr 0.5 alr 50 seed 2: acc [] stop diverged 1.2 s
plr 0.5 alr 10 seed 0: acc [] stop diverged 1.0 s
plr 0.5 alr 10 seed 1: acc [] stop diverged 1.0 s
plr 0.5 alr 10 seed 2: acc [] stop diverged 1.9 s
plr 0.5 alr 5 seed 0: acc [] stop diverged 1.8 s
plr 0.5 alr 5 seed 1: acc [] stop diverged 2.5 s
plr 0.5 alr 5 seed 2: acc [] stop diverged 1.1 s
plr 0.5 alr 1 seed 0: acc [] stop diverged 3.5 s
plr 0.5 alr 1 seed 1: acc [] stop diverged 0.9 s
plr 0.5 alr 1 seed 2: acc [] stop diverged 0.9 s
plr 0.5 alr 0.5 seed 0: acc [9.775641441345215] stop no_learning 33.9 s
plr 0.5 alr 0.5 seed 1: acc [9.805688858032227] stop no_learning 42.0 s
plr 0.5 alr 0.5 seed 2: acc [] stop diverged 20.4 s
plr 0.5 alr 0.1 seed 0: acc [] stop diverged 8.0 s
plr 0.5 alr 0.1 seed 1: acc [] stop diverged 35.3 s
plr 0.5 alr 0.1 seed 2: acc [9.785656929016113] stop no_learning 35.7 s
plr 0.5 alr 0.05 seed 0: acc [] stop diverged 25.2 s
plr 0.5 alr 0.05 seed 1: acc [] stop diverged 30.6 s
plr 0.5 alr 0.05 seed 2: acc [9.264823913574219] stop no_learning 63.5 s
plr 0.5 alr 0.01 seed 0: acc [9.375] stop no_learning 35.5 s
plr 0.5 alr 0.01 seed 1: acc [9.785656929016113] stop no_learning 34.5 s
plr 0.5 alr 0.01 seed 2: acc [] stop diverged 9.3 s
plr 0.1 alr 1000 seed 0: acc [] stop diverged 1.0 s
plr 0.1 alr 1000 seed 1: acc [] stop diverged 0.7 s
plr 0.1 alr 1000 seed 2: acc [] stop diverged 1.1 s
plr 0.1 alr 500 seed 0: acc [] stop diverged 0.8 s
plr 0.1 alr 500 seed 1: acc [] stop diverged 0.8 s
plr 0.1 alr 500 seed 2: acc [] stop diverged 1.2 s
plr 0.1 alr 100 seed 0: acc [] stop diverged 0.8 s
plr 0.1 alr 100 seed 1: acc [] stop diverged 1.0 s
plr 0.1 alr 100 seed 2: acc [] stop diverged 0.5 s
plr 0.1 alr 50 seed 0: acc [] stop diverged 0.5 s
plr 0.1 alr 50 seed 1: acc [] stop diverged 1.2 s
plr 0.1 alr 50 seed 2: acc [] stop diverged 0.7 s
plr 0.1 alr 10 seed 0: acc [14.953926086425781] stop no_learning 28.4 s
plr 0.1 alr 10 seed 1: acc [] stop diverged 1.9 s
plr 0.1 alr 10 seed 2: acc [14.282853126525879] stop no_learning 19.3 s
plr 0.1 alr 5 seed 0: acc [] stop diverged 3.6 s
plr 0.1 alr 5 seed 1: acc [] stop diverged 2.4 s
plr 0.1 alr 5 seed 2: acc [] stop diverged 4.7 s
plr 0.1 alr 1 seed 0: acc [10.01602554321289] stop no_learning 17.5 s
plr 0.1 alr 1 seed 1: acc [14.022436141967773] stop no_learning 17.7 s
plr 0.1 alr 1 seed 2: acc [] stop diverged 13.1 s
plr 0.1 alr 0.5 seed 0: acc [4.627403736114502] stop no_learning 18.0 s
plr 0.1 alr 0.5 seed 1: acc [9.084535598754883] stop no_learning 17.1 s
plr 0.1 alr 0.5 seed 2: acc [10.176281929016113] stop no_learning 19.5 s
plr 0.1 alr 0.1 seed 0: acc [10.116186141967773] stop no_learning 18.7 s
plr 0.1 alr 0.1 seed 1: acc [10.336538314819336] stop no_learning 15.2 s
plr 0.1 alr 0.1 seed 2: acc [7.181490421295166] stop no_learning 22.5 s
plr 0.1 alr 0.05 seed 0: acc [10.076122283935547] stop no_learning 21.4 s
plr 0.1 alr 0.05 seed 1: acc [10.336538314819336] stop no_learning 21.2 s
plr 0.1 alr 0.05 seed 2: acc [10.056089401245117] stop no_learning 20.6 s
plr 0.1 alr 0.01 seed 0: acc [8.984375] stop no_learning 21.7 s
plr 0.1 alr 0.01 seed 1: acc [8.92427921295166] stop no_learning 17.5 s
plr 0.1 alr 0.01 seed 2: acc [11.598557472229004] stop no_learning 19.1 s
plr 0.05 alr 1000 seed 0: acc [17.70833396911621, 9.945913314819336] stop no_learning 35.5 s
plr 0.05 alr 1000 seed 1: acc [8.223156929016113] stop no_learning 17.3 s
plr 0.05 alr 1000 seed 2: acc [9.785656929016113] stop no_learning 17.0 s
plr 0.05 alr 500 seed 0: acc [] stop diverged 0.5 s
plr 0.05 alr 500 seed 1: acc [] stop diverged 0.4 s
plr 0.05 alr 500 seed 2: acc [] stop diverged 0.3 s
plr 0.05 alr 100 seed 0: acc [] stop diverged 0.9 s
plr 0.05 alr 100 seed 1: acc [] stop diverged 0.8 s
plr 0.05 alr 100 seed 2: acc [] stop diverged 0.5 s
plr 0.05 alr 50 seed 0: acc [] stop diverged 1.1 s
plr 0.05 alr 50 seed 1: acc [] stop diverged 1.0 s
plr 0.05 alr 50 seed 2: acc [] stop diverged 1.2 s
plr 0.05 alr 10 seed 0: acc [] stop diverged 4.2 s
plr 0.05 alr 10 seed 1: acc [6.350160121917725] stop no_learning 17.4 s
plr 0.05 alr 10 seed 2: acc [8.303285598754883] stop no_learning 18.4 s
plr 0.05 alr 5 seed 0: acc [6.089743614196777] stop no_learning 19.5 s
plr 0.05 alr 5 seed 1: acc [10.076122283935547] stop no_learning 16.8 s
plr 0.05 alr 5 seed 2: acc [10.29647445678711] stop no_learning 16.0 s
plr 0.05 alr 1 seed 0: acc [7.091346263885498] stop no_learning 16.8 s
plr 0.05 alr 1 seed 1: acc [13.992387771606445] stop no_learning 18.3 s
plr 0.05 alr 1 seed 2: acc [9.45512866973877] stop no_learning 8.4 s
plr 0.05 alr 0.5 seed 0: acc [7.982772350311279] stop no_learning 9.1 s
plr 0.05 alr 0.5 seed 1: acc [9.57532024383545] stop no_learning 9.1 s
plr 0.05 alr 0.5 seed 2: acc [9.825721740722656] stop no_learning 8.0 s
plr 0.05 alr 0.1 seed 0: acc [9.815705299377441] stop no_learning 7.4 s
plr 0.05 alr 0.1 seed 1: acc [2.1734776496887207] stop no_learning 7.1 s
plr 0.05 alr 0.1 seed 2: acc [10.106169700622559] stop no_learning 7.0 s
plr 0.05 alr 0.05 seed 0: acc [10.076122283935547] stop no_learning 7.0 s
plr 0.05 alr 0.05 seed 1: acc [9.57532024383545] stop no_learning 7.0 s
plr 0.05 alr 0.05 seed 2: acc [10.106169700622559] stop no_learning 6.9 s
plr 0.05 alr 0.01 seed 0: acc [11.788862228393555] stop no_learning 8.9 s
plr 0.05 alr 0.01 seed 1: acc [11.388221740722656] stop no_learning 8.2 s
plr 0.05 alr 0.01 seed 2: acc [10.897436141967773] stop no_learning 7.5 s
plr 0.01 alr 1000 seed 0: acc [9.995993614196777] stop no_learning 7.4 s
plr 0.01 alr 1000 seed 1: acc [31.300081253051758, 14.743590354919434] stop no_learning 15.1 s
plr 0.01 alr 1000 seed 2: acc [6.450320720672607] stop no_learning 7.1 s
plr 0.01 alr 500 seed 0: acc [9.985978126525879] stop no_learning 6.8 s
plr 0.01 alr 500 seed 1: acc [9.805688858032227] stop no_learning 6.4 s
plr 0.01 alr 500 seed 2: acc [9.825721740722656] stop no_learning 7.3 s
plr 0.01 alr 100 seed 0: acc [10.40665054321289] stop no_learning 7.4 s
plr 0.01 alr 100 seed 1: acc [10.79727554321289] stop no_learning 8.6 s
plr 0.01 alr 100 seed 2: acc [10.226362228393555] stop no_learning 9.0 s
plr 0.01 alr 50 seed 0: acc [11.79887866973877] stop no_learning 9.0 s
plr 0.01 alr 50 seed 1: acc [7.311698913574219] stop no_learning 8.7 s
plr 0.01 alr 50 seed 2: acc [9.805688858032227] stop no_learning 7.4 s
plr 0.01 alr 10 seed 0: acc [17.9587345123291, 11.879006385803223] stop no_learning 14.3 s
plr 0.01 alr 10 seed 1: acc [9.885817527770996] stop no_learning 7.0 s
plr 0.01 alr 10 seed 2: acc [9.665464401245117] stop no_learning 7.1 s
plr 0.01 alr 5 seed 0: acc [13.942307472229004] stop no_learning 6.8 s
plr 0.01 alr 5 seed 1: acc [27.463943481445312, 12.520031929016113] stop no_learning 15.7 s
plr 0.01 alr 5 seed 2: acc [9.084535598754883] stop no_learning 10.2 s
plr 0.01 alr 1 seed 0: acc [9.785656929016113] stop no_learning 9.7 s
plr 0.01 alr 1 seed 1: acc [2.4839744567871094] stop no_learning 9.2 s
plr 0.01 alr 1 seed 2: acc [10.056089401245117] stop no_learning 9.6 s
plr 0.01 alr 0.5 seed 0: acc [8.934294700622559] stop no_learning 9.1 s
plr 0.01 alr 0.5 seed 1: acc [10.336538314819336] stop no_learning 7.7 s
plr 0.01 alr 0.5 seed 2: acc [7.522035121917725] stop no_learning 7.2 s
plr 0.01 alr 0.1 seed 0: acc [10.076122283935547] stop no_learning 6.9 s
plr 0.01 alr 0.1 seed 1: acc [9.825721740722656] stop no_learning 7.1 s
plr 0.01 alr 0.1 seed 2: acc [9.745593070983887] stop no_learning 7.1 s
plr 0.01 alr 0.05 seed 0: acc [10.276442527770996] stop no_learning 7.2 s
plr 0.01 alr 0.05 seed 1: acc [10.076122283935547] stop no_learning 7.2 s
plr 0.01 alr 0.05 seed 2: acc [10.056089401245117] stop no_learning 7.1 s
plr 0.01 alr 0.01 seed 0: acc [10.076122283935547] stop no_learning 7.4 s
plr 0.01 alr 0.01 seed 1: acc [10.076122283935547] stop no_learning 8.8 s
plr 0.01 alr 0.01 seed 2: acc [11.358173370361328] stop no_learning 8.7 s
