plr 0.5 alr 1000 seed 0: acc [9.785656929016113] stop no_learning 6.7 s
plr 0.5 alr 1000 seed 1: acc [9.805688858032227] stop no_learning 2.0 s
plr 0.5 alr 1000 seed 2: acc [9.805688858032227] stop no_learning 1.9 s
plr 0.5 alr 500 seed 0: acc [9.785656929016113] stop no_learning 2.0 s
plr 0.5 alr 500 seed 1: acc [9.70552921295166] stop no_learning 1.9 s
plr 0.5 alr 500 seed 2: acc [8.814103126525879] stop no_learning 2.0 s
plr 0.5 alr 100 seed 0: acc [9.795673370361328] stop no_learning 2.0 s
plr 0.5 alr 100 seed 1: acc [9.885817527770996] stop no_learning 1.8 s
plr 0.5 alr 100 seed 2: acc [9.70552921295166] stop no_learning 2.1 s
plr 0.5 alr 50 seed 0: acc [11.818910598754883] stop no_learning 2.0 s
plr 0.5 alr 50 seed 1: acc [8.754006385803223] stop no_learning 1.9 s
plr 0.5 alr 50 seed 2: acc [14.232772827148438] stop no_learning 2.0 s
plr 0.5 alr 10 seed 0: acc [11.358173370361328] stop no_learning 1.9 s
plr 0.5 alr 10 seed 1: acc [7.281650543212891] stop no_learning 2.1 s
plr 0.5 alr 10 seed 2: acc [10.87740421295166] stop no_learning 2.0 s
plr 0.5 alr 5 seed 0: acc [72.32572174072266, 10.09615421295166] stop no_learning 3.6 s
plr 0.5 alr 5 seed 1: acc [34.06450271606445, 11.207932472229004] stop no_learning 3.5 s
plr 0.5 alr 5 seed 2: acc [78.69591522216797, 10.34655475616455] stop no_learning 3.5 s
plr 0.5 alr 1 seed 0: acc [84.04447174072266, 85.83734130859375, 74.85977935791016] stop None 5.4 s
plr 0.5 alr 1 seed 1: acc [84.38501739501953, 10.927484512329102] stop no_learning 3.5 s
plr 0.5 alr 1 seed 2: acc [84.04447174072266, 85.3465576171875, 72.71634674072266] stop None 6.6 s
plr 0.5 alr 0.5 seed 0: acc [84.30488586425781, 86.82892608642578, 87.57011413574219] stop None 6.0 s
plr 0.5 alr 0.5 seed 1: acc [85.47676086425781, 87.71033477783203, 76.94310760498047] stop None 5.8 s
plr 0.5 alr 0.5 seed 2: acc [83.60376739501953, 87.64022827148438, 88.43148803710938] stop None 6.1 s
plr 0.5 alr 0.1 seed 0: acc [84.55529022216797, 87.09935760498047, 87.4599380493164] stop None 5.9 s
plr 0.5 alr 0.1 seed 1: acc [85.64703369140625, 88.1209945678711, 89.05248260498047] stop None 5.7 s
plr 0.5 alr 0.1 seed 2: acc [86.17788696289062, 87.36978912353516, 88.60176086425781] stop None 6.3 s
plr 0.5 alr 0.05 seed 0: acc [85.08613586425781, 87.1494369506836, 88.36138153076172] stop None 6.1 s
plr 0.5 alr 0.05 seed 1: acc [86.1278076171875, 87.1494369506836, 89.0224380493164] stop None 5.8 s
plr 0.5 alr 0.05 seed 2: acc [86.25801086425781, 88.00080108642578, 88.94230651855469] stop None 6.3 s
plr 0.5 alr 0.01 seed 0: acc [83.79407501220703, 85.28646087646484, 85.49679565429688] stop None 5.7 s
plr 0.5 alr 0.01 seed 1: acc [83.72396087646484, 85.74720001220703, 86.44831848144531] stop None 5.5 s
plr 0.5 alr 0.01 seed 2: acc [84.19470977783203, 85.1863021850586, 85.3465576171875] stop None 5.6 s
plr 0.1 alr 1000 seed 0: acc [26.05168342590332, 10.426682472229004] stop no_learning 3.7 s
plr 0.1 alr 1000 seed 1: acc [31.15985679626465, 3.816105842590332] stop no_learning 3.7 s
plr 0.1 alr 1000 seed 2: acc [14.723557472229004] stop no_learning 1.8 s
plr 0.1 alr 500 seed 0: acc [23.31730842590332, 9.324919700622559] stop no_learning 3.6 s
plr 0.1 alr 500 seed 1: acc [42.40785217285156, 8.964343070983887] stop no_learning 3.6 s
plr 0.1 alr 500 seed 2: acc [25.80128288269043, 15.775240898132324, 15.574919700622559] stop None 5.7 s
plr 0.1 alr 100 seed 0: acc [9.795673370361328] stop no_learning 1.8 s
plr 0.1 alr 100 seed 1: acc [16.90705108642578, 17.998798370361328, 14.603365898132324] stop no_learning 5.4 s
plr 0.1 alr 100 seed 2: acc [18.86017608642578, 13.571715354919434] stop no_learning 3.8 s
plr 0.1 alr 50 seed 0: acc [33.33333206176758, 34.05448913574219, 35.57692337036133] stop None 6.3 s
plr 0.1 alr 50 seed 1: acc [28.205127716064453, 52.544071197509766, 47.4759635925293] stop None 6.3 s
plr 0.1 alr 50 seed 2: acc [32.60216522216797, 50.11017608642578, 36.44831848144531] stop None 5.5 s
plr 0.1 alr 10 seed 0: acc [89.0224380493164, 90.2744369506836, 92.43790435791016] stop None 5.4 s
plr 0.1 alr 10 seed 1: acc [89.0224380493164, 91.38622283935547, 92.2175521850586] stop None 5.6 s
plr 0.1 alr 10 seed 2: acc [88.7119369506836, 91.14583587646484, 92.578125] stop None 5.8 s
plr 0.1 alr 5 seed 0: acc [87.19952392578125, 88.73197174072266, 90.06410217285156] stop None 5.6 s
plr 0.1 alr 5 seed 1: acc [88.18109130859375, 89.58333587646484, 91.015625] stop None 5.5 s
plr 0.1 alr 5 seed 2: acc [87.8505630493164, 89.42308044433594, 90.94551086425781] stop None 5.3 s
plr 0.1 alr 1 seed 0: acc [86.1678695678711, 88.5116195678711, 90.11418151855469] stop None 5.4 s
plr 0.1 alr 1 seed 1: acc [87.27964782714844, 89.28285217285156, 90.86538696289062] stop None 5.7 s
plr 0.1 alr 1 seed 2: acc [87.47997283935547, 89.76362609863281, 90.54487609863281] stop None 6.0 s
plr 0.1 alr 0.5 seed 0: acc [85.78726196289062, 88.25120544433594, 89.8036880493164] stop None 6.1 s
plr 0.1 alr 0.5 seed 1: acc [86.80889892578125, 89.37300109863281, 90.51482391357422] stop None 6.1 s
plr 0.1 alr 0.5 seed 2: acc [87.00921630859375, 89.27283477783203, 89.91386413574219] stop None 6.1 s
plr 0.1 alr 0.1 seed 0: acc [84.39503479003906, 87.35977935791016, 89.43309783935547] stop None 6.3 s
plr 0.1 alr 0.1 seed 1: acc [85.80728912353516, 88.04086303710938, 89.96394348144531] stop None 6.2 s
plr 0.1 alr 0.1 seed 2: acc [85.7071304321289, 88.2411880493164, 89.6434326171875] stop None 6.0 s
plr 0.1 alr 0.05 seed 0: acc [83.64382934570312, 87.08934783935547, 88.82211303710938] stop None 5.4 s
plr 0.1 alr 0.05 seed 1: acc [84.89583587646484, 87.28966522216797, 89.14263153076172] stop None 5.4 s
plr 0.1 alr 0.05 seed 2: acc [84.47515869140625, 87.2996826171875, 88.74198913574219] stop None 5.7 s
plr 0.1 alr 0.01 seed 0: acc [82.03125, 85.14623260498047, 86.44831848144531] stop None 5.7 s
plr 0.1 alr 0.01 seed 1: acc [83.10296630859375, 85.56690979003906, 86.8790054321289] stop None 5.7 s
plr 0.1 alr 0.01 seed 2: acc [83.09294891357422, 85.5869369506836, 87.18950653076172] stop None 5.6 s
